nohup: ignoring input
Collecting git+https://github.com/google-deepmind/mujoco_playground.git@v0.0.5 (from -r requirements.txt (line 13))
  Cloning https://github.com/google-deepmind/mujoco_playground.git (to revision v0.0.5) to /tmp/pip-req-build-px7da4tz
  Running command git clone --filter=blob:none --quiet https://github.com/google-deepmind/mujoco_playground.git /tmp/pip-req-build-px7da4tz
  Running command git checkout -q 81dfe512c9f2f03107fda1e31de585d04bb30bc4
  Resolved https://github.com/google-deepmind/mujoco_playground.git to commit 81dfe512c9f2f03107fda1e31de585d04bb30bc4
  Installing build dependencies: started
  Installing build dependencies: finished with status 'done'
  Getting requirements to build wheel: started
  Getting requirements to build wheel: finished with status 'done'
  Preparing metadata (pyproject.toml): started
  Preparing metadata (pyproject.toml): finished with status 'done'
Requirement already satisfied: framesviewer>=1.0.2 in ./.venv/lib64/python3.11/site-packages (from -r requirements.txt (line 1)) (1.1.0)
Collecting jax>=0.5.0 (from jax[cuda12]>=0.5.0->-r requirements.txt (line 2))
  Using cached jax-0.9.1-py3-none-any.whl.metadata (13 kB)
Requirement already satisfied: jaxlib>=0.5.0 in ./.venv/lib64/python3.11/site-packages (from -r requirements.txt (line 3)) (0.9.1)
Requirement already satisfied: jaxtyping>=0.2.38 in ./.venv/lib64/python3.11/site-packages (from -r requirements.txt (line 4)) (0.3.9)
Requirement already satisfied: matplotlib>=3.10.0 in ./.venv/lib64/python3.11/site-packages (from -r requirements.txt (line 5)) (3.10.8)
Collecting mediapy>=1.2.2 (from -r requirements.txt (line 6))
  Using cached mediapy-1.2.6-py3-none-any.whl.metadata (4.8 kB)
Requirement already satisfied: onnxruntime>=1.20.1 in ./.venv/lib64/python3.11/site-packages (from -r requirements.txt (line 7)) (1.24.2)
Requirement already satisfied: pygame>=2.6.1 in ./.venv/lib64/python3.11/site-packages (from -r requirements.txt (line 8)) (2.6.1)
Collecting tensorflow>=2.18.0 (from -r requirements.txt (line 9))
  Using cached tensorflow-2.20.0-cp311-cp311-manylinux_2_17_x86_64.manylinux2014_x86_64.whl.metadata (4.5 kB)
Requirement already satisfied: tf2onnx>=1.16.1 in ./.venv/lib64/python3.11/site-packages (from -r requirements.txt (line 10)) (1.17.0)
Requirement already satisfied: protobuf>=5.27.0 in ./.venv/lib64/python3.11/site-packages (from -r requirements.txt (line 12)) (7.34.0)
Collecting brax>=0.12.1 (from playground==0.0.5->-r requirements.txt (line 13))
  Using cached brax-0.14.1-py3-none-any.whl.metadata (21 kB)
Requirement already satisfied: etils in ./.venv/lib64/python3.11/site-packages (from playground==0.0.5->-r requirements.txt (line 13)) (1.14.0)
Collecting flax (from playground==0.0.5->-r requirements.txt (line 13))
  Using cached flax-0.12.5-py3-none-any.whl.metadata (11 kB)
Requirement already satisfied: lxml in ./.venv/lib64/python3.11/site-packages (from playground==0.0.5->-r requirements.txt (line 13)) (6.0.2)
Requirement already satisfied: ml-collections in ./.venv/lib64/python3.11/site-packages (from playground==0.0.5->-r requirements.txt (line 13)) (1.1.0)
Collecting mujoco-mjx>=3.2.7 (from playground==0.0.5->-r requirements.txt (line 13))
  Using cached mujoco_mjx-3.5.0-py3-none-any.whl.metadata (3.4 kB)
Collecting mujoco>=3.2.7 (from playground==0.0.5->-r requirements.txt (line 13))
  Using cached mujoco-3.5.0-cp311-cp311-manylinux_2_27_x86_64.manylinux_2_28_x86_64.whl.metadata (42 kB)
Requirement already satisfied: tqdm in ./.venv/lib64/python3.11/site-packages (from playground==0.0.5->-r requirements.txt (line 13)) (4.67.3)
Requirement already satisfied: numpy in ./.venv/lib64/python3.11/site-packages (from framesviewer>=1.0.2->-r requirements.txt (line 1)) (2.4.2)
Requirement already satisfied: PyOpenGL in ./.venv/lib64/python3.11/site-packages (from framesviewer>=1.0.2->-r requirements.txt (line 1)) (3.1.10)
Requirement already satisfied: scipy in ./.venv/lib64/python3.11/site-packages (from framesviewer>=1.0.2->-r requirements.txt (line 1)) (1.17.1)
Requirement already satisfied: pywavefront in ./.venv/lib64/python3.11/site-packages (from framesviewer>=1.0.2->-r requirements.txt (line 1)) (1.3.3)
Requirement already satisfied: ml_dtypes>=0.5.0 in ./.venv/lib64/python3.11/site-packages (from jax>=0.5.0->jax[cuda12]>=0.5.0->-r requirements.txt (line 2)) (0.5.4)
Requirement already satisfied: opt_einsum in ./.venv/lib64/python3.11/site-packages (from jax>=0.5.0->jax[cuda12]>=0.5.0->-r requirements.txt (line 2)) (3.4.0)
Requirement already satisfied: wadler-lindig>=0.1.3 in ./.venv/lib64/python3.11/site-packages (from jaxtyping>=0.2.38->-r requirements.txt (line 4)) (0.1.7)
Requirement already satisfied: contourpy>=1.0.1 in ./.venv/lib64/python3.11/site-packages (from matplotlib>=3.10.0->-r requirements.txt (line 5)) (1.3.3)
Requirement already satisfied: cycler>=0.10 in ./.venv/lib64/python3.11/site-packages (from matplotlib>=3.10.0->-r requirements.txt (line 5)) (0.12.1)
Requirement already satisfied: fonttools>=4.22.0 in ./.venv/lib64/python3.11/site-packages (from matplotlib>=3.10.0->-r requirements.txt (line 5)) (4.61.1)
Requirement already satisfied: kiwisolver>=1.3.1 in ./.venv/lib64/python3.11/site-packages (from matplotlib>=3.10.0->-r requirements.txt (line 5)) (1.4.9)
Requirement already satisfied: packaging>=20.0 in ./.venv/lib64/python3.11/site-packages (from matplotlib>=3.10.0->-r requirements.txt (line 5)) (26.0)
Requirement already satisfied: pillow>=8 in ./.venv/lib64/python3.11/site-packages (from matplotlib>=3.10.0->-r requirements.txt (line 5)) (12.1.1)
Requirement already satisfied: pyparsing>=3 in ./.venv/lib64/python3.11/site-packages (from matplotlib>=3.10.0->-r requirements.txt (line 5)) (3.3.2)
Requirement already satisfied: python-dateutil>=2.7 in ./.venv/lib64/python3.11/site-packages (from matplotlib>=3.10.0->-r requirements.txt (line 5)) (2.9.0.post0)
Requirement already satisfied: ipython in ./.venv/lib64/python3.11/site-packages (from mediapy>=1.2.2->-r requirements.txt (line 6)) (9.10.0)
Requirement already satisfied: flatbuffers in ./.venv/lib64/python3.11/site-packages (from onnxruntime>=1.20.1->-r requirements.txt (line 7)) (25.12.19)
Requirement already satisfied: sympy in ./.venv/lib64/python3.11/site-packages (from onnxruntime>=1.20.1->-r requirements.txt (line 7)) (1.14.0)
Requirement already satisfied: absl-py>=1.0.0 in ./.venv/lib64/python3.11/site-packages (from tensorflow>=2.18.0->-r requirements.txt (line 9)) (2.4.0)
Requirement already satisfied: astunparse>=1.6.0 in ./.venv/lib64/python3.11/site-packages (from tensorflow>=2.18.0->-r requirements.txt (line 9)) (1.6.3)
Requirement already satisfied: gast!=0.5.0,!=0.5.1,!=0.5.2,>=0.2.1 in ./.venv/lib64/python3.11/site-packages (from tensorflow>=2.18.0->-r requirements.txt (line 9)) (0.7.0)
Requirement already satisfied: google_pasta>=0.1.1 in ./.venv/lib64/python3.11/site-packages (from tensorflow>=2.18.0->-r requirements.txt (line 9)) (0.2.0)
Requirement already satisfied: libclang>=13.0.0 in ./.venv/lib64/python3.11/site-packages (from tensorflow>=2.18.0->-r requirements.txt (line 9)) (18.1.1)
Requirement already satisfied: requests<3,>=2.21.0 in ./.venv/lib64/python3.11/site-packages (from tensorflow>=2.18.0->-r requirements.txt (line 9)) (2.32.5)
Requirement already satisfied: setuptools in ./.venv/lib64/python3.11/site-packages (from tensorflow>=2.18.0->-r requirements.txt (line 9)) (65.5.1)
Requirement already satisfied: six>=1.12.0 in ./.venv/lib64/python3.11/site-packages (from tensorflow>=2.18.0->-r requirements.txt (line 9)) (1.17.0)
Requirement already satisfied: termcolor>=1.1.0 in ./.venv/lib64/python3.11/site-packages (from tensorflow>=2.18.0->-r requirements.txt (line 9)) (3.3.0)
Requirement already satisfied: typing_extensions>=3.6.6 in ./.venv/lib64/python3.11/site-packages (from tensorflow>=2.18.0->-r requirements.txt (line 9)) (4.15.0)
Requirement already satisfied: wrapt>=1.11.0 in ./.venv/lib64/python3.11/site-packages (from tensorflow>=2.18.0->-r requirements.txt (line 9)) (2.1.1)
Requirement already satisfied: grpcio<2.0,>=1.24.3 in ./.venv/lib64/python3.11/site-packages (from tensorflow>=2.18.0->-r requirements.txt (line 9)) (1.78.0)
Requirement already satisfied: tensorboard~=2.20.0 in ./.venv/lib64/python3.11/site-packages (from tensorflow>=2.18.0->-r requirements.txt (line 9)) (2.20.0)
Collecting keras>=3.10.0 (from tensorflow>=2.18.0->-r requirements.txt (line 9))
  Using cached keras-3.13.2-py3-none-any.whl.metadata (6.3 kB)
Requirement already satisfied: h5py>=3.11.0 in ./.venv/lib64/python3.11/site-packages (from tensorflow>=2.18.0->-r requirements.txt (line 9)) (3.15.1)
Requirement already satisfied: charset_normalizer<4,>=2 in ./.venv/lib64/python3.11/site-packages (from requests<3,>=2.21.0->tensorflow>=2.18.0->-r requirements.txt (line 9)) (3.4.4)
Requirement already satisfied: idna<4,>=2.5 in ./.venv/lib64/python3.11/site-packages (from requests<3,>=2.21.0->tensorflow>=2.18.0->-r requirements.txt (line 9)) (3.11)
Requirement already satisfied: urllib3<3,>=1.21.1 in ./.venv/lib64/python3.11/site-packages (from requests<3,>=2.21.0->tensorflow>=2.18.0->-r requirements.txt (line 9)) (2.6.3)
Requirement already satisfied: certifi>=2017.4.17 in ./.venv/lib64/python3.11/site-packages (from requests<3,>=2.21.0->tensorflow>=2.18.0->-r requirements.txt (line 9)) (2026.2.25)
Requirement already satisfied: markdown>=2.6.8 in ./.venv/lib64/python3.11/site-packages (from tensorboard~=2.20.0->tensorflow>=2.18.0->-r requirements.txt (line 9)) (3.10.2)
Requirement already satisfied: tensorboard-data-server<0.8.0,>=0.7.0 in ./.venv/lib64/python3.11/site-packages (from tensorboard~=2.20.0->tensorflow>=2.18.0->-r requirements.txt (line 9)) (0.7.2)
Requirement already satisfied: werkzeug>=1.0.1 in ./.venv/lib64/python3.11/site-packages (from tensorboard~=2.20.0->tensorflow>=2.18.0->-r requirements.txt (line 9)) (3.1.6)
Requirement already satisfied: onnx>=1.14.0 in ./.venv/lib64/python3.11/site-packages (from tf2onnx>=1.16.1->-r requirements.txt (line 10)) (1.20.1)
Requirement already satisfied: wheel<1.0,>=0.23.0 in ./.venv/lib64/python3.11/site-packages (from astunparse>=1.6.0->tensorflow>=2.18.0->-r requirements.txt (line 9)) (0.46.3)
Requirement already satisfied: flask in ./.venv/lib64/python3.11/site-packages (from brax>=0.12.1->playground==0.0.5->-r requirements.txt (line 13)) (3.1.3)
Collecting flask-cors (from brax>=0.12.1->playground==0.0.5->-r requirements.txt (line 13))
  Using cached flask_cors-6.0.2-py3-none-any.whl.metadata (5.3 kB)
Collecting jaxopt (from brax>=0.12.1->playground==0.0.5->-r requirements.txt (line 13))
  Using cached jaxopt-0.8.5-py3-none-any.whl.metadata (3.3 kB)
Requirement already satisfied: jinja2 in ./.venv/lib64/python3.11/site-packages (from brax>=0.12.1->playground==0.0.5->-r requirements.txt (line 13)) (3.1.6)
Collecting optax (from brax>=0.12.1->playground==0.0.5->-r requirements.txt (line 13))
  Using cached optax-0.2.7-py3-none-any.whl.metadata (7.9 kB)
Collecting orbax-checkpoint>=0.11.22 (from brax>=0.12.1->playground==0.0.5->-r requirements.txt (line 13))
  Using cached orbax_checkpoint-0.11.33-py3-none-any.whl.metadata (2.7 kB)
Requirement already satisfied: tensorboardx in ./.venv/lib64/python3.11/site-packages (from brax>=0.12.1->playground==0.0.5->-r requirements.txt (line 13)) (2.6.4)
Requirement already satisfied: trimesh in ./.venv/lib64/python3.11/site-packages (from brax>=0.12.1->playground==0.0.5->-r requirements.txt (line 13)) (4.11.2)
Requirement already satisfied: jax-cuda12-plugin<=0.9.1,>=0.9.1 in ./.venv/lib64/python3.11/site-packages (from jax-cuda12-plugin[with-cuda]<=0.9.1,>=0.9.1; extra == "cuda12"->jax[cuda12]>=0.5.0->-r requirements.txt (line 2)) (0.9.1)
Requirement already satisfied: jax-cuda12-pjrt==0.9.1 in ./.venv/lib64/python3.11/site-packages (from jax-cuda12-plugin<=0.9.1,>=0.9.1->jax-cuda12-plugin[with-cuda]<=0.9.1,>=0.9.1; extra == "cuda12"->jax[cuda12]>=0.5.0->-r requirements.txt (line 2)) (0.9.1)
Requirement already satisfied: nvidia-cublas-cu12>=12.1.3.1 in ./.venv/lib64/python3.11/site-packages (from jax-cuda12-plugin[with-cuda]<=0.9.1,>=0.9.1; extra == "cuda12"->jax[cuda12]>=0.5.0->-r requirements.txt (line 2)) (12.9.1.4)
Requirement already satisfied: nvidia-cuda-cupti-cu12>=12.1.105 in ./.venv/lib64/python3.11/site-packages (from jax-cuda12-plugin[with-cuda]<=0.9.1,>=0.9.1; extra == "cuda12"->jax[cuda12]>=0.5.0->-r requirements.txt (line 2)) (12.9.79)
Requirement already satisfied: nvidia-cuda-nvcc-cu12>=12.6.85 in ./.venv/lib64/python3.11/site-packages (from jax-cuda12-plugin[with-cuda]<=0.9.1,>=0.9.1; extra == "cuda12"->jax[cuda12]>=0.5.0->-r requirements.txt (line 2)) (12.9.86)
Requirement already satisfied: nvidia-cuda-runtime-cu12>=12.1.105 in ./.venv/lib64/python3.11/site-packages (from jax-cuda12-plugin[with-cuda]<=0.9.1,>=0.9.1; extra == "cuda12"->jax[cuda12]>=0.5.0->-r requirements.txt (line 2)) (12.9.79)
Requirement already satisfied: nvidia-cudnn-cu12<10.0,>=9.8 in ./.venv/lib64/python3.11/site-packages (from jax-cuda12-plugin[with-cuda]<=0.9.1,>=0.9.1; extra == "cuda12"->jax[cuda12]>=0.5.0->-r requirements.txt (line 2)) (9.19.0.56)
Requirement already satisfied: nvidia-cufft-cu12>=11.0.2.54 in ./.venv/lib64/python3.11/site-packages (from jax-cuda12-plugin[with-cuda]<=0.9.1,>=0.9.1; extra == "cuda12"->jax[cuda12]>=0.5.0->-r requirements.txt (line 2)) (11.4.1.4)
Requirement already satisfied: nvidia-cusolver-cu12>=11.4.5.107 in ./.venv/lib64/python3.11/site-packages (from jax-cuda12-plugin[with-cuda]<=0.9.1,>=0.9.1; extra == "cuda12"->jax[cuda12]>=0.5.0->-r requirements.txt (line 2)) (11.7.5.82)
Requirement already satisfied: nvidia-cusparse-cu12>=12.1.0.106 in ./.venv/lib64/python3.11/site-packages (from jax-cuda12-plugin[with-cuda]<=0.9.1,>=0.9.1; extra == "cuda12"->jax[cuda12]>=0.5.0->-r requirements.txt (line 2)) (12.5.10.65)
Requirement already satisfied: nvidia-nccl-cu12>=2.18.1 in ./.venv/lib64/python3.11/site-packages (from jax-cuda12-plugin[with-cuda]<=0.9.1,>=0.9.1; extra == "cuda12"->jax[cuda12]>=0.5.0->-r requirements.txt (line 2)) (2.29.7)
Requirement already satisfied: nvidia-nvjitlink-cu12>=12.1.105 in ./.venv/lib64/python3.11/site-packages (from jax-cuda12-plugin[with-cuda]<=0.9.1,>=0.9.1; extra == "cuda12"->jax[cuda12]>=0.5.0->-r requirements.txt (line 2)) (12.9.86)
Requirement already satisfied: nvidia-cuda-nvrtc-cu12>=12.1.55 in ./.venv/lib64/python3.11/site-packages (from jax-cuda12-plugin[with-cuda]<=0.9.1,>=0.9.1; extra == "cuda12"->jax[cuda12]>=0.5.0->-r requirements.txt (line 2)) (12.9.86)
Requirement already satisfied: nvidia-nvshmem-cu12>=3.2.5 in ./.venv/lib64/python3.11/site-packages (from jax-cuda12-plugin[with-cuda]<=0.9.1,>=0.9.1; extra == "cuda12"->jax[cuda12]>=0.5.0->-r requirements.txt (line 2)) (3.5.21)
Requirement already satisfied: rich in ./.venv/lib64/python3.11/site-packages (from keras>=3.10.0->tensorflow>=2.18.0->-r requirements.txt (line 9)) (14.3.3)
Requirement already satisfied: namex in ./.venv/lib64/python3.11/site-packages (from keras>=3.10.0->tensorflow>=2.18.0->-r requirements.txt (line 9)) (0.1.0)
Requirement already satisfied: optree in ./.venv/lib64/python3.11/site-packages (from keras>=3.10.0->tensorflow>=2.18.0->-r requirements.txt (line 9)) (0.19.0)
Requirement already satisfied: glfw in ./.venv/lib64/python3.11/site-packages (from mujoco>=3.2.7->playground==0.0.5->-r requirements.txt (line 13)) (2.10.0)
Requirement already satisfied: nvidia-cuda-cccl-cu12 in ./.venv/lib64/python3.11/site-packages (from nvidia-nvshmem-cu12>=3.2.5->jax-cuda12-plugin[with-cuda]<=0.9.1,>=0.9.1; extra == "cuda12"->jax[cuda12]>=0.5.0->-r requirements.txt (line 2)) (12.9.27)
Requirement already satisfied: msgpack in ./.venv/lib64/python3.11/site-packages (from orbax-checkpoint>=0.11.22->brax>=0.12.1->playground==0.0.5->-r requirements.txt (line 13)) (1.1.2)
Requirement already satisfied: pyyaml in ./.venv/lib64/python3.11/site-packages (from orbax-checkpoint>=0.11.22->brax>=0.12.1->playground==0.0.5->-r requirements.txt (line 13)) (6.0.3)
Requirement already satisfied: tensorstore>=0.1.74 in ./.venv/lib64/python3.11/site-packages (from orbax-checkpoint>=0.11.22->brax>=0.12.1->playground==0.0.5->-r requirements.txt (line 13)) (0.1.81)
Requirement already satisfied: aiofiles in ./.venv/lib64/python3.11/site-packages (from orbax-checkpoint>=0.11.22->brax>=0.12.1->playground==0.0.5->-r requirements.txt (line 13)) (25.1.0)
Requirement already satisfied: humanize in ./.venv/lib64/python3.11/site-packages (from orbax-checkpoint>=0.11.22->brax>=0.12.1->playground==0.0.5->-r requirements.txt (line 13)) (4.15.0)
Requirement already satisfied: simplejson>=3.16.0 in ./.venv/lib64/python3.11/site-packages (from orbax-checkpoint>=0.11.22->brax>=0.12.1->playground==0.0.5->-r requirements.txt (line 13)) (3.20.2)
Requirement already satisfied: psutil in ./.venv/lib64/python3.11/site-packages (from orbax-checkpoint>=0.11.22->brax>=0.12.1->playground==0.0.5->-r requirements.txt (line 13)) (7.2.2)
Requirement already satisfied: uvloop in ./.venv/lib64/python3.11/site-packages (from orbax-checkpoint>=0.11.22->brax>=0.12.1->playground==0.0.5->-r requirements.txt (line 13)) (0.22.1)
Requirement already satisfied: markupsafe>=2.1.1 in ./.venv/lib64/python3.11/site-packages (from werkzeug>=1.0.1->tensorboard~=2.20.0->tensorflow>=2.18.0->-r requirements.txt (line 9)) (3.0.3)
Requirement already satisfied: fsspec in ./.venv/lib64/python3.11/site-packages (from etils[epath,epy]->orbax-checkpoint>=0.11.22->brax>=0.12.1->playground==0.0.5->-r requirements.txt (line 13)) (2026.2.0)
Requirement already satisfied: zipp in ./.venv/lib64/python3.11/site-packages (from etils[epath,epy]->orbax-checkpoint>=0.11.22->brax>=0.12.1->playground==0.0.5->-r requirements.txt (line 13)) (3.23.0)
Requirement already satisfied: blinker>=1.9.0 in ./.venv/lib64/python3.11/site-packages (from flask->brax>=0.12.1->playground==0.0.5->-r requirements.txt (line 13)) (1.9.0)
Requirement already satisfied: click>=8.1.3 in ./.venv/lib64/python3.11/site-packages (from flask->brax>=0.12.1->playground==0.0.5->-r requirements.txt (line 13)) (8.3.1)
Requirement already satisfied: itsdangerous>=2.2.0 in ./.venv/lib64/python3.11/site-packages (from flask->brax>=0.12.1->playground==0.0.5->-r requirements.txt (line 13)) (2.2.0)
Collecting optax (from brax>=0.12.1->playground==0.0.5->-r requirements.txt (line 13))
  Using cached optax-0.2.6-py3-none-any.whl.metadata (7.6 kB)
Requirement already satisfied: treescope>=0.1.7 in ./.venv/lib64/python3.11/site-packages (from flax->playground==0.0.5->-r requirements.txt (line 13)) (0.1.10)
Collecting orbax-export>=0.0.8 (from flax->playground==0.0.5->-r requirements.txt (line 13))
  Using cached orbax_export-0.0.8-py3-none-any.whl.metadata (1.8 kB)
Collecting chex>=0.1.87 (from optax->brax>=0.12.1->playground==0.0.5->-r requirements.txt (line 13))
  Using cached chex-0.1.91-py3-none-any.whl.metadata (18 kB)
Requirement already satisfied: toolz>=1.0.0 in ./.venv/lib64/python3.11/site-packages (from chex>=0.1.87->optax->brax>=0.12.1->playground==0.0.5->-r requirements.txt (line 13)) (1.1.0)
Requirement already satisfied: dataclasses-json in ./.venv/lib64/python3.11/site-packages (from orbax-export>=0.0.8->flax->playground==0.0.5->-r requirements.txt (line 13)) (0.6.7)
Requirement already satisfied: markdown-it-py>=2.2.0 in ./.venv/lib64/python3.11/site-packages (from rich->keras>=3.10.0->tensorflow>=2.18.0->-r requirements.txt (line 9)) (4.0.0)
Requirement already satisfied: pygments<3.0.0,>=2.13.0 in ./.venv/lib64/python3.11/site-packages (from rich->keras>=3.10.0->tensorflow>=2.18.0->-r requirements.txt (line 9)) (2.19.2)
Requirement already satisfied: mdurl~=0.1 in ./.venv/lib64/python3.11/site-packages (from markdown-it-py>=2.2.0->rich->keras>=3.10.0->tensorflow>=2.18.0->-r requirements.txt (line 9)) (0.1.2)
Requirement already satisfied: marshmallow<4.0.0,>=3.18.0 in ./.venv/lib64/python3.11/site-packages (from dataclasses-json->orbax-export>=0.0.8->flax->playground==0.0.5->-r requirements.txt (line 13)) (3.26.2)
Requirement already satisfied: typing-inspect<1,>=0.4.0 in ./.venv/lib64/python3.11/site-packages (from dataclasses-json->orbax-export>=0.0.8->flax->playground==0.0.5->-r requirements.txt (line 13)) (0.9.0)
Requirement already satisfied: mypy-extensions>=0.3.0 in ./.venv/lib64/python3.11/site-packages (from typing-inspect<1,>=0.4.0->dataclasses-json->orbax-export>=0.0.8->flax->playground==0.0.5->-r requirements.txt (line 13)) (1.1.0)
Requirement already satisfied: decorator>=4.3.2 in ./.venv/lib64/python3.11/site-packages (from ipython->mediapy>=1.2.2->-r requirements.txt (line 6)) (5.2.1)
Requirement already satisfied: ipython-pygments-lexers>=1.0.0 in ./.venv/lib64/python3.11/site-packages (from ipython->mediapy>=1.2.2->-r requirements.txt (line 6)) (1.1.1)
Requirement already satisfied: jedi>=0.18.1 in ./.venv/lib64/python3.11/site-packages (from ipython->mediapy>=1.2.2->-r requirements.txt (line 6)) (0.19.2)
Requirement already satisfied: matplotlib-inline>=0.1.5 in ./.venv/lib64/python3.11/site-packages (from ipython->mediapy>=1.2.2->-r requirements.txt (line 6)) (0.2.1)
Requirement already satisfied: pexpect>4.3 in ./.venv/lib64/python3.11/site-packages (from ipython->mediapy>=1.2.2->-r requirements.txt (line 6)) (4.9.0)
Requirement already satisfied: prompt_toolkit<3.1.0,>=3.0.41 in ./.venv/lib64/python3.11/site-packages (from ipython->mediapy>=1.2.2->-r requirements.txt (line 6)) (3.0.52)
Requirement already satisfied: stack_data>=0.6.0 in ./.venv/lib64/python3.11/site-packages (from ipython->mediapy>=1.2.2->-r requirements.txt (line 6)) (0.6.3)
Requirement already satisfied: traitlets>=5.13.0 in ./.venv/lib64/python3.11/site-packages (from ipython->mediapy>=1.2.2->-r requirements.txt (line 6)) (5.14.3)
Requirement already satisfied: wcwidth in ./.venv/lib64/python3.11/site-packages (from prompt_toolkit<3.1.0,>=3.0.41->ipython->mediapy>=1.2.2->-r requirements.txt (line 6)) (0.6.0)
Requirement already satisfied: parso<0.9.0,>=0.8.4 in ./.venv/lib64/python3.11/site-packages (from jedi>=0.18.1->ipython->mediapy>=1.2.2->-r requirements.txt (line 6)) (0.8.6)
Requirement already satisfied: ptyprocess>=0.5 in ./.venv/lib64/python3.11/site-packages (from pexpect>4.3->ipython->mediapy>=1.2.2->-r requirements.txt (line 6)) (0.7.0)
Requirement already satisfied: executing>=1.2.0 in ./.venv/lib64/python3.11/site-packages (from stack_data>=0.6.0->ipython->mediapy>=1.2.2->-r requirements.txt (line 6)) (2.2.1)
Requirement already satisfied: asttokens>=2.1.0 in ./.venv/lib64/python3.11/site-packages (from stack_data>=0.6.0->ipython->mediapy>=1.2.2->-r requirements.txt (line 6)) (3.0.1)
Requirement already satisfied: pure-eval in ./.venv/lib64/python3.11/site-packages (from stack_data>=0.6.0->ipython->mediapy>=1.2.2->-r requirements.txt (line 6)) (0.2.3)
Requirement already satisfied: mpmath<1.4,>=1.1.0 in ./.venv/lib64/python3.11/site-packages (from sympy->onnxruntime>=1.20.1->-r requirements.txt (line 7)) (1.3.0)
Using cached jax-0.9.1-py3-none-any.whl (3.1 MB)
Using cached mediapy-1.2.6-py3-none-any.whl (27 kB)
Using cached tensorflow-2.20.0-cp311-cp311-manylinux_2_17_x86_64.manylinux2014_x86_64.whl (620.6 MB)
Using cached brax-0.14.1-py3-none-any.whl (351 kB)
Using cached keras-3.13.2-py3-none-any.whl (1.5 MB)
Using cached mujoco-3.5.0-cp311-cp311-manylinux_2_27_x86_64.manylinux_2_28_x86_64.whl (7.1 MB)
Using cached mujoco_mjx-3.5.0-py3-none-any.whl (7.0 MB)
Using cached orbax_checkpoint-0.11.33-py3-none-any.whl (696 kB)
Using cached flask_cors-6.0.2-py3-none-any.whl (13 kB)
Using cached flax-0.12.5-py3-none-any.whl (503 kB)
Using cached optax-0.2.6-py3-none-any.whl (367 kB)
Using cached chex-0.1.91-py3-none-any.whl (100 kB)
Using cached orbax_export-0.0.8-py3-none-any.whl (180 kB)
Using cached jaxopt-0.8.5-py3-none-any.whl (172 kB)
Building wheels for collected packages: playground
  Building wheel for playground (pyproject.toml): started
  Building wheel for playground (pyproject.toml): finished with status 'done'
  Created wheel for playground: filename=playground-0.0.5-py3-none-any.whl size=15134721 sha256=f17e2c22ba8e475366aa1bc02ef09c1f557d4dac4c5a3cf2c01eba8651f5974a
  Stored in directory: /tmp/pip-ephem-wheel-cache-532643dm/wheels/8e/6d/71/7ec7e4e2473cd52d020eca34cade56d2a82b97f5f86fb3f49c
Successfully built playground
Installing collected packages: mujoco, mediapy, keras, jax, flask-cors, tensorflow, orbax-checkpoint, mujoco-mjx, jaxopt, chex, orbax-export, optax, flax, brax, playground

Successfully installed brax-0.14.1 chex-0.1.91 flask-cors-6.0.2 flax-0.12.5 jax-0.9.1 jaxopt-0.8.5 keras-3.13.2 mediapy-1.2.6 mujoco-3.5.0 mujoco-mjx-3.5.0 optax-0.2.6 orbax-checkpoint-0.11.33 orbax-export-0.0.8 playground-0.0.5 tensorflow-2.20.0
